// Jest Snapshot v1, https://goo.gl/fbAQLP

exports[`Topbar component should match the snapshot 1`] = `
<div
  class="nav-container"
>
  <div
    class="home-tag"
    role="button"
    tabindex="0"
  >
    <h2>
      Home
    </h2>
  </div>
  <div
    class="menu-tag"
  >
    <li
      role="presentation"
    >
      Create Jam
    </li>
  </div>
  <div
    class="menu-tag"
    role="button"
    tabindex="0"
  >
    <li>
      Find Jam
    </li>
  </div>
  <ul
    class="navbar-right"
  >
    <li
      class="nav-el"
      role="presentation"
    >
      Dashboard
    </li>
    <li
      class="nav-el"
      role="presentation"
    >
      Log Out
    </li>
  </ul>
</div>
`;
